// Jest Snapshot v1, https://goo.gl/fbAQLP

exports[`Slider Handle Should render correctly 1`] = `
<div
  class="css-cqd1um-SliderHandle__Wrapper e9y9zbe0"
>
  <div
    class="css-gjeaqo-SliderHandle__Handle e9y9zbe1"
    style="top: 50px; left: 33px; background: rgb(140, 150, 22);"
  />
  <div />
</div>
`;
