// Jest Snapshot v1, https://goo.gl/fbAQLP

exports[`Alpha Slider  Should render correctly 1`] = `
<div
  class="css-1fh398w-AlphaSlider__Wrapper e1qunp8u1"
>
  <div
    class="css-cqd1um-SliderHandle__Wrapper e9y9zbe0"
  >
    <div
      class="css-gjeaqo-SliderHandle__Handle e9y9zbe1"
      style="top: 50px; left: 33px; background: rgb(255, 240, 220);"
    />
    <div
      class="css-2fon4n-AlphaSlider__Background e1qunp8u0"
      style="height: 10px;"
    />
  </div>
</div>
`;
